(1752578855.725576) can0 001#0000002C00000000
(1752578855.750426) can0 001#0000002E00000000
(1752578855.775775) can0 001#0000002E00000000
(1752578855.800363) can0 001#0000002E00000000
(1752578855.826227) can0 001#0000003100000000
(1752578855.850888) can0 001#0000003200000000
(1752578855.875260) can0 001#0000003200000000
(1752578855.901057) can0 001#0000003300000000
(1752578855.925682) can0 001#0000003400000000
(1752578855.951084) can0 001#0000003400000000
(1752578855.975874) can0 001#0000003600000000
(1752578856.001501) can0 001#0000003700000000
(1752578856.025881) can0 001#0000003700000000
(1752578856.050703) can0 001#0000003900000000
(1752578856.076409) can0 001#0000003B00000000
(1752578856.100918) can0 001#0000003B00000000
(1752578856.126623) can0 001#0000003D00000000
(1752578856.150935) can0 001#0000003D00000000
(1752578856.175563) can0 001#0000003D00000000
(1752578856.201457) can0 001#0000003F00000000
(1752578856.225843) can0 001#0000003F00000000
(1752578856.251674) can0 001#0000004100000000
(1752578856.276243) can0 001#0000004200000000
(1752578856.300671) can0 001#0000004200000000
(1752578856.326456) can0 001#0000004300000000
(1752578856.350893) can0 001#0000004300000000
(1752578856.376739) can0 001#0000004400000000
(1752578856.401312) can0 001#0000004400000000
(1752578856.426908) can0 001#0000004600000000
(1752578856.451586) can0 001#0000004600000000
(1752578856.475880) can0 001#0000004600000000
(1752578856.501856) can0 001#0000004700000000
(1752578856.526153) can0 001#0000004700000000
(1752578856.552005) can0 001#0000004800000000
(1752578856.576611) can0 001#0000004900000000
(1752578856.601002) can0 001#0000004900000000
(1752578856.626860) can0 001#0000004900000000
(1752578856.651240) can0 001#0000004900000000
(1752578856.677104) can0 001#0000004B00000000
(1752578856.701715) can0 001#0000004C00000000
(1752578856.727254) can0 001#0000004D00000000
(1752578856.751961) can0 001#0000004E00000000
(1752578856.776233) can0 001#0000004E00000000
(1752578856.802140) can0 001#0000004F00000000
(1752578856.826527) can0 001#0000004F00000000
(1752578856.852330) can0 001#0000004E00000000
(1752578856.876748) can0 001#0000004E00000000
(1752578856.901579) can0 001#0000004F00000000
(1752578856.926980) can0 001#0000004F00000000
(1752578856.951788) can0 001#0000005000000000
(1752578856.977434) can0 001#0000005000000000
(1752578857.002067) can0 001#0000005200000000
(1752578857.026608) can0 001#0000005300000000
(1752578857.052230) can0 001#0000005600000000
(1752578857.076804) can0 001#0000005600000000
(1752578857.102473) can0 001#0000005800000000
(1752578857.127045) can0 001#0000005800000000
(1752578857.152485) can0 001#0000005800000000
(1752578857.177341) can0 001#0000005B00000000
(1752578857.201706) can0 001#0000005B00000000
(1752578857.227499) can0 001#0000005D00000000
(1752578857.252134) can0 001#0000006100000000
(1752578857.277529) can0 001#0000006100000000
(1752578857.302363) can0 001#0000006100000000
(1752578857.326754) can0 001#0000006100000000
(1752578857.352622) can0 001#0000006300000000
(1752578857.377269) can0 001#0000006500000000
(1752578857.402887) can0 001#0000006500000000
(1752578857.427316) can0 001#0000006500000000
(1752578857.453128) can0 001#0000006700000000
(1752578857.477559) can0 001#0000006700000000
(1752578857.502372) can0 001#0000006A00000000
(1752578857.527946) can0 001#0000006C00000000
(1752578857.552338) can0 001#0000006C00000000
(1752578857.578177) can0 001#0000006E00000000
(1752578857.602563) can0 001#0000006E00000000
(1752578857.627430) can0 001#0000007200000000
(1752578857.652746) can0 001#0000007200000000
(1752578857.677637) can0 001#0000007500000000
(1752578857.703004) can0 001#0000007500000000
(1752578857.727860) can0 001#0000007700000000
(1752578857.752253) can0 001#0000007700000000
(1752578857.778119) can0 001#0000007C00000000
(1752578857.802683) can0 001#0000007F00000000
(1752578857.828361) can0 001#0000008100000000
(1752578857.852909) can0 001#0000008400000000
(1752578857.878604) can0 001#0000008500000000
(1752578857.902890) can0 001#0000008500000000
(1752578857.927754) can0 001#0000008300000000
(1752578857.953187) can0 001#0000008300000000
(1752578857.977991) can0 001#0000008000000000
(1752578858.003586) can0 001#0000008200000000
(1752578858.028199) can0 001#0000008000000000
(1752578858.052568) can0 001#0000008000000000
(1752578858.078435) can0 001#0000007E00000000
(1752578858.103078) can0 001#0000008200000000
(1752578858.128650) can0 001#0000008400000000
(1752578858.153048) can0 001#0000008400000000
(1752578858.178889) can0 001#0000008100000000
(1752578858.203287) can0 001#0000008100000000
(1752578858.228076) can0 001#0000007F00000000
(1752578858.253770) can0 001#0000008300000000
(1752578858.278369) can0 001#0000008100000000
(1752578858.303913) can0 001#0000008400000000
(1752578858.328538) can0 001#0000008800000000
(1752578858.353160) can0 001#0000008E00000000
(1752578858.378851) can0 001#0000008E00000000
(1752578858.403139) can0 001#0000008E00000000
(1752578858.428981) can0 001#0000008D00000000
(1752578858.453606) can0 001#0000009000000000
(1752578858.479284) can0 001#0000009000000000
(1752578858.503838) can0 001#0000008E00000000
(1752578858.528451) can0 001#0000008E00000000
(1752578858.554050) can0 001#0000009400000000
(1752578858.578656) can0 001#0000009200000000
(1752578858.604296) can0 001#0000009300000000
(1752578858.628963) can0 001#0000009400000000
(1752578858.653319) can0 001#0000009400000000
(1752578858.679124) can0 001#0000009200000000
(1752578858.703538) can0 001#0000009200000000
(1752578858.729332) can0 001#0000008D00000000
(1752578858.754081) can0 001#0000008D00000000
(1752578858.778621) can0 001#0000008900000000
(1752578858.804190) can0 001#0000008A00000000
(1752578858.828812) can0 001#0000008800000000
(1752578858.854515) can0 001#0000008B00000000
(1752578858.879089) can0 001#0000008D00000000
(1752578858.904653) can0 001#0000009200000000
(1752578858.929302) can0 001#0000009100000000
(1752578858.953927) can0 001#0000009300000000
(1752578858.979305) can0 001#0000009300000000
(1752578859.004091) can0 001#0000009200000000
(1752578859.029463) can0 001#0000009200000000
(1752578859.054375) can0 001#0000009300000000
(1752578859.078640) can0 001#0000009300000000
(1752578859.104539) can0 001#0000008F00000000
(1752578859.128932) can0 001#0000008F00000000
(1752578859.154812) can0 001#0000008F00000000
(1752578859.179184) can0 001#0000008F00000000
(1752578859.205009) can0 001#0000008B00000000
(1752578859.229400) can0 001#0000008B00000000
(1752578859.254198) can0 001#0000008A00000000
(1752578859.279620) can0 001#0000008A00000000
(1752578859.304431) can0 001#0000008800000000
(1752578859.329812) can0 001#0000008800000000
(1752578859.354721) can0 001#0000008900000000
(1752578859.378998) can0 001#0000008900000000
(1752578859.404870) can0 001#0000008800000000
(1752578859.429273) can0 001#0000008800000000
(1752578859.455119) can0 001#0000008700000000
(1752578859.479545) can0 001#0000008700000000
(1752578859.504314) can0 001#0000008600000000
(1752578859.529769) can0 001#0000008600000000
(1752578859.554549) can0 001#0000008200000000
(1752578859.579956) can0 001#0000008200000000
(1752578859.604812) can0 001#0000008100000000
(1752578859.630165) can0 001#0000008100000000
(1752578859.655048) can0 001#0000007E00000000
(1752578859.679332) can0 001#0000007E00000000
(1752578859.705197) can0 001#0000007E00000000
(1752578859.729588) can0 001#0000007E00000000
(1752578859.755440) can0 001#0000007C00000000
(1752578859.779857) can0 001#0000007C00000000
(1752578859.804651) can0 001#0000007D00000000
(1752578859.830098) can0 001#0000007D00000000
(1752578859.854933) can0 001#0000007C00000000
(1752578859.880299) can0 001#0000007C00000000
(1752578859.905195) can0 001#0000007D00000000
(1752578859.930554) can0 001#0000007D00000000
(1752578859.955346) can0 001#0000007D00000000
(1752578859.979793) can0 001#0000007D00000000
(1752578860.005587) can0 001#0000007D00000000
(1752578860.029979) can0 001#0000007D00000000
(1752578860.055843) can0 001#0000007D00000000
(1752578860.080212) can0 001#0000007D00000000
(1752578860.105000) can0 001#0000007D00000000
(1752578860.130364) can0 001#0000007D00000000
(1752578860.155242) can0 001#0000007C00000000
(1752578860.180631) can0 001#0000007C00000000
(1752578860.205501) can0 001#0000007C00000000
(1752578860.230042) can0 001#0000007E00000000
(1752578860.255704) can0 001#0000007E00000000
(1752578860.280312) can0 001#0000008100000000
(1752578860.305987) can0 001#0000008300000000
(1752578860.330576) can0 001#0000008700000000
(1752578860.356138) can0 001#0000008700000000
(1752578860.380808) can0 001#0000008B00000000
(1752578860.405379) can0 001#0000008B00000000
(1752578860.431022) can0 001#0000009000000000
(1752578860.455601) can0 001#0000009000000000
(1752578860.481259) can0 001#0000009300000000
(1752578860.505803) can0 001#0000009300000000
(1752578860.530480) can0 001#0000009600000000
(1752578860.556091) can0 001#0000009500000000
(1752578860.580698) can0 001#0000009900000000
(1752578860.606314) can0 001#0000009A00000000
(1752578860.630917) can0 001#0000009D00000000
(1752578860.656544) can0 001#0000009D00000000
(1752578860.680887) can0 001#0000009D00000000
(1752578860.705721) can0 001#0000009B00000000
(1752578860.731371) can0 001#0000009B00000000
(1752578860.755942) can0 001#0000009C00000000
(1752578860.781640) can0 001#0000009B00000000
(1752578860.806231) can0 001#0000009B00000000
(1752578860.830829) can0 001#0000009F00000000
(1752578860.856382) can0 001#0000009E00000000
(1752578860.880733) can0 001#0000009E00000000
(1752578860.906647) can0 001#0000009B00000000
(1752578860.931049) can0 001#0000009B00000000
(1752578860.955878) can0 001#0000009700000000
(1752578860.981439) can0 001#0000009600000000
(1752578861.006224) can0 001#0000009400000000
(1752578861.031746) can0 001#0000009100000000
(1752578861.056299) can0 001#0000009200000000
(1752578861.081960) can0 001#0000009600000000
(1752578861.106514) can0 001#0000009600000000
(1752578861.131111) can0 001#0000009800000000
(1752578861.156737) can0 001#0000009900000000
(1752578861.181334) can0 001#0000009C00000000
(1752578861.206953) can0 001#0000009F00000000
(1752578861.231374) can0 001#0000009F00000000
(1752578861.256235) can0 001#0000009D00000000
(1752578861.281875) can0 001#0000009C00000000
(1752578861.306402) can0 001#000000A000000000
(1752578861.332051) can0 001#000000A000000000
(1752578861.356656) can0 001#0000009E00000000
(1752578861.382206) can0 001#0000009E00000000
(1752578861.406876) can0 001#000000A000000000
(1752578861.431228) can0 001#000000A000000000
(1752578861.457121) can0 001#0000009A00000000
(1752578861.481712) can0 001#0000009700000000
(1752578861.507385) can0 001#0000009500000000
(1752578861.531708) can0 001#0000009500000000
(1752578861.556546) can0 001#0000009200000000
(1752578861.582207) can0 001#0000009300000000
(1752578861.606764) can0 001#0000009400000000
(1752578861.632179) can0 001#0000009400000000
(1752578861.657011) can0 001#0000009100000000
(1752578861.682587) can0 001#0000009300000000
(1752578861.707225) can0 001#0000009600000000
(1752578861.731822) can0 001#0000009600000000
(1752578861.757435) can0 001#0000009700000000
(1752578861.782068) can0 001#0000009B00000000
(1752578861.807721) can0 001#0000009B00000000
(1752578861.832314) can0 001#0000009E00000000
(1752578861.856884) can0 001#0000009D00000000
(1752578861.882558) can0 001#0000009C00000000
(1752578861.907111) can0 001#0000009C00000000
(1752578861.932505) can0 001#0000009C00000000
(1752578861.957360) can0 001#0000009900000000
(1752578861.981942) can0 001#0000009600000000
(1752578862.007583) can0 001#0000009500000000
(1752578862.032408) can0 001#0000009600000000
(1752578862.057819) can0 001#0000009400000000
(1752578862.082154) can0 001#0000009400000000
(1752578862.108049) can0 001#0000009300000000
(1752578862.132371) can0 001#0000009300000000
(1752578862.157204) can0 001#0000009000000000
(1752578862.182611) can0 001#0000009000000000
(1752578862.207447) can0 001#0000008B00000000
(1752578862.233113) can0 001#0000008C00000000
(1752578862.257682) can0 001#0000008A00000000
(1752578862.282275) can0 001#0000008D00000000
(1752578862.307970) can0 001#0000008F00000000
(1752578862.332485) can0 001#0000009500000000
(1752578862.358198) can0 001#0000009400000000
(1752578862.382483) can0 001#0000009400000000
(1752578862.408409) can0 001#0000009200000000
(1752578862.432788) can0 001#0000009200000000
(1752578862.457567) can0 001#0000008E00000000
(1752578862.483023) can0 001#0000008E00000000
(1752578862.507821) can0 001#0000008F00000000
(1752578862.533199) can0 001#0000008F00000000
(1752578862.558077) can0 001#0000008C00000000
(1752578862.582382) can0 001#0000008C00000000
(1752578862.608243) can0 001#0000008A00000000
(1752578862.632641) can0 001#0000008A00000000
(1752578862.658473) can0 001#0000008E00000000
(1752578862.682875) can0 001#0000008E00000000
(1752578862.707662) can0 001#0000009200000000
(1752578862.733107) can0 001#0000009200000000
(1752578862.757975) can0 001#0000009300000000
(1752578862.783615) can0 001#0000009700000000
(1752578862.808228) can0 001#0000009900000000
(1752578862.833826) can0 001#0000009D00000000
(1752578862.858373) can0 001#0000009D00000000
(1752578862.882957) can0 001#0000009F00000000
(1752578862.908352) can0 001#0000009F00000000
(1752578862.933215) can0 001#0000009E00000000
(1752578862.958601) can0 001#0000009E00000000
(1752578862.983462) can0 001#0000009C00000000
(1752578863.007799) can0 001#0000009C00000000
(1752578863.033640) can0 001#0000009A00000000
(1752578863.058073) can0 001#0000009A00000000
(1752578863.083897) can0 001#0000009900000000
(1752578863.108260) can0 001#0000009900000000
(1752578863.134154) can0 001#0000009600000000
(1752578863.158486) can0 001#0000009600000000
(1752578863.183068) can0 001#0000009600000000
(1752578863.208990) can0 001#0000009100000000
(1752578863.233328) can0 001#0000009100000000
(1752578863.259231) can0 001#0000008F00000000
(1752578863.283809) can0 001#0000008900000000
(1752578863.308164) can0 001#0000008900000000
(1752578863.334087) can0 001#0000008600000000
(1752578863.358378) can0 001#0000008600000000
(1752578863.384308) can0 001#0000008500000000
(1752578863.408908) can0 001#0000008700000000
(1752578863.433523) can0 001#0000008800000000
(1752578863.459050) can0 001#0000008A00000000
(1752578863.483483) can0 001#0000008A00000000
(1752578863.509297) can0 001#0000008A00000000
(1752578863.533645) can0 001#0000008A00000000
(1752578863.559546) can0 001#0000008C00000000
(1752578863.584167) can0 001#0000008B00000000
(1752578863.608710) can0 001#0000008E00000000
(1752578863.634381) can0 001#0000009000000000
(1752578863.659041) can0 001#0000009300000000
(1752578863.684354) can0 001#0000009300000000
(1752578863.709188) can0 001#0000009700000000
(1752578863.733822) can0 001#0000009900000000
(1752578863.759234) can0 001#0000009900000000
(1752578863.784016) can0 001#0000009C00000000
(1752578863.809679) can0 001#0000009F00000000
(1752578863.834001) can0 001#0000009F00000000
(1752578863.859923) can0 001#000000A100000000
(1752578863.884512) can0 001#000000A100000000
(1752578863.909111) can0 001#000000A600000000
(1752578863.934706) can0 001#000000A500000000
(1752578863.959362) can0 001#000000A900000000
(1752578863.984938) can0 001#000000AA00000000
(1752578864.009555) can0 001#000000AF00000000
(1752578864.034171) can0 001#000000AF00000000
(1752578864.059788) can0 001#000000B100000000
(1752578864.084389) can0 001#000000B100000000
(1752578864.110004) can0 001#000000B600000000
(1752578864.134635) can0 001#000000B500000000
(1752578864.159205) can0 001#000000B600000000
(1752578864.185065) can0 001#000000B700000000
(1752578864.209154) can0 001#000000B700000000
(1752578864.235091) can0 001#000000B800000000
(1752578864.259650) can0 001#000000B300000000
(1752578864.285251) can0 001#000000B300000000
(1752578864.309919) can0 001#000000B200000000
(1752578864.334503) can0 001#000000B100000000
(1752578864.360154) can0 001#000000B100000000
(1752578864.384707) can0 001#000000B300000000
(1752578864.410353) can0 001#000000B500000000
(1752578864.434926) can0 001#000000B600000000
(1752578864.459608) can0 001#000000B700000000
(1752578864.484914) can0 001#000000B700000000
(1752578864.509789) can0 001#000000B700000000
(1752578864.535438) can0 001#000000B500000000
(1752578864.560020) can0 001#000000B500000000
(1752578864.585651) can0 001#000000B900000000
(1752578864.610227) can0 001#000000B900000000
(1752578864.634850) can0 001#000000BB00000000
(1752578864.660479) can0 001#000000BB00000000
(1752578864.685076) can0 001#000000C000000000
(1752578864.710709) can0 001#000000BF00000000
(1752578864.735329) can0 001#000000BE00000000
(1752578864.759922) can0 001#000000C200000000
(1752578864.785520) can0 001#000000C400000000
(1752578864.810196) can0 001#000000C000000000
(1752578864.835781) can0 001#000000C000000000
(1752578864.860348) can0 001#000000C200000000
(1752578864.885819) can0 001#000000C200000000
(1752578864.910551) can0 001#000000BB00000000
(1752578864.935204) can0 001#000000BA00000000
(1752578864.960586) can0 001#000000BA00000000
(1752578864.985428) can0 001#000000B800000000
(1752578865.011033) can0 001#000000B500000000
(1752578865.035673) can0 001#000000B400000000
(1752578865.060066) can0 001#000000B400000000
(1752578865.085917) can0 001#000000B800000000
(1752578865.110485) can0 001#000000B700000000
(1752578865.136088) can0 001#000000B900000000
(1752578865.160753) can0 001#000000B800000000
(1752578865.185085) can0 001#000000B800000000
(1752578865.211001) can0 001#000000BA00000000
(1752578865.235532) can0 001#000000B700000000
(1752578865.261173) can0 001#000000B700000000
(1752578865.285518) can0 001#000000B700000000
(1752578865.311532) can0 001#000000B600000000
(1752578865.336025) can0 001#000000B600000000
(1752578865.360602) can0 001#000000B500000000
(1752578865.386223) can0 001#000000B700000000
(1752578865.410857) can0 001#000000B700000000
(1752578865.436511) can0 001#000000B900000000
(1752578865.461092) can0 001#000000B900000000
(1752578865.485677) can0 001#000000BF00000000
(1752578865.511295) can0 001#000000BD00000000
(1752578865.535942) can0 001#000000BE00000000
(1752578865.561534) can0 001#000000C000000000
(1752578865.586093) can0 001#000000C500000000
(1752578865.611900) can0 001#000000C400000000
(1752578865.636326) can0 001#000000C100000000
(1752578865.660999) can0 001#000000C200000000
(1752578865.686327) can0 001#000000C200000000
(1752578865.711245) can0 001#000000C000000000
(1752578865.736803) can0 001#000000BD00000000
(1752578865.761442) can0 001#000000BB00000000
(1752578865.786047) can0 001#000000C100000000
(1752578865.811620) can0 001#000000C100000000
(1752578865.836248) can0 001#000000C100000000
(1752578865.862043) can0 001#000000BF00000000
(1752578865.886482) can0 001#000000BF00000000
(1752578865.911044) can0 001#000000C000000000
(1752578865.936689) can0 001#000000C000000000
(1752578865.961283) can0 001#000000BD00000000
(1752578865.986915) can0 001#000000BF00000000
(1752578866.011498) can0 001#000000C300000000
(1752578866.037118) can0 001#000000BF00000000
(1752578866.061734) can0 001#000000BE00000000
(1752578866.086330) can0 001#000000C200000000
(1752578866.111964) can0 001#000000C700000000
(1752578866.136572) can0 001#000000C500000000
(1752578866.162247) can0 001#000000C200000000
(1752578866.186824) can0 001#000000C300000000
(1752578866.211461) can0 001#000000C400000000
(1752578866.237036) can0 001#000000C500000000
(1752578866.261642) can0 001#000000C400000000
(1752578866.287246) can0 001#000000C500000000
(1752578866.311871) can0 001#000000C500000000
(1752578866.337253) can0 001#000000C500000000
(1752578866.362133) can0 001#000000C400000000
(1752578866.386690) can0 001#000000C000000000
(1752578866.412285) can0 001#000000BF00000000
(1752578866.436972) can0 001#000000C100000000
(1752578866.462288) can0 001#000000C100000000
(1752578866.487137) can0 001#000000BE00000000
(1752578866.511737) can0 001#000000BE00000000
(1752578866.537387) can0 001#000000BD00000000
(1752578866.562016) can0 001#000000BC00000000
(1752578866.587578) can0 001#000000BC00000000
(1752578866.612259) can0 001#000000C100000000
(1752578866.636799) can0 001#000000C100000000
(1752578866.662436) can0 001#000000C400000000
(1752578866.687087) can0 001#000000C500000000
(1752578866.712694) can0 001#000000C700000000
(1752578866.737306) can0 001#000000C500000000
(1752578866.762902) can0 001#000000CA00000000
(1752578866.787779) can0 001#000000CA00000000
(1752578866.812188) can0 001#000000CF00000000
(1752578866.837741) can0 001#000000D600000000
(1752578866.862350) can0 001#000000DD00000000
(1752578866.887973) can0 001#000000E200000000
(1752578866.912602) can0 001#000000EB00000000
(1752578866.937157) can0 001#000000F300000000
(1752578866.962785) can0 001#000000FB00000000
(1752578866.987469) can0 001#000000FF00000000
(1752578867.013076) can0 001#0000010400000000
(1752578867.037636) can0 001#0000010C00000000
(1752578867.063319) can0 001#0000010800000000
(1752578867.087894) can0 001#0000010700000000
(1752578867.112513) can0 001#0000010900000000
(1752578867.138071) can0 001#0000010800000000
(1752578867.162671) can0 001#0000010800000000
(1752578867.188300) can0 001#0000010D00000000
(1752578867.212913) can0 001#0000010D00000000
(1752578867.237580) can0 001#0000010E00000000
(1752578867.263182) can0 001#0000011500000000
(1752578867.287741) can0 001#0000010D00000000
(1752578867.313424) can0 001#0000010D00000000
(1752578867.338008) can0 001#0000010E00000000
(1752578867.362635) can0 001#0000010E00000000
(1752578867.388200) can0 001#0000010E00000000
(1752578867.412871) can0 001#0000011800000000
(1752578867.438409) can0 001#0000011800000000
(1752578867.462998) can0 001#0000011900000000
(1752578867.488645) can0 001#0000012100000000
(1752578867.513267) can0 001#0000011A00000000
(1752578867.537928) can0 001#0000011400000000
(1752578867.563508) can0 001#0000011500000000
(1752578867.588096) can0 001#0000011B00000000
(1752578867.613703) can0 001#0000011B00000000
(1752578867.638313) can0 001#0000011F00000000
(1752578867.662940) can0 001#0000011F00000000
(1752578867.688619) can0 001#0000012000000000
(1752578867.713194) can0 001#0000012200000000
(1752578867.738776) can0 001#0000011E00000000
(1752578867.763423) can0 001#0000011B00000000
(1752578867.788976) can0 001#0000011C00000000
(1752578867.813589) can0 001#0000011A00000000
(1752578867.838272) can0 001#0000011900000000
(1752578867.863832) can0 001#0000011700000000
(1752578867.888543) can0 001#0000011700000000
(1752578867.914103) can0 001#0000011800000000
(1752578867.938699) can0 001#0000012000000000
(1752578867.963255) can0 001#0000011600000000
(1752578867.988926) can0 001#0000011300000000
(1752578868.013514) can0 001#0000011400000000
(1752578868.039122) can0 001#0000011400000000
(1752578868.063789) can0 001#0000010D00000000
(1752578868.089384) can0 001#0000010F00000000
(1752578868.113994) can0 001#0000010F00000000
(1752578868.138603) can0 001#0000011000000000
(1752578868.164208) can0 001#0000010F00000000
(1752578868.188841) can0 001#0000010E00000000
(1752578868.214362) can0 001#0000011300000000
(1752578868.239120) can0 001#0000011500000000
(1752578868.263687) can0 001#0000011000000000
(1752578868.288983) can0 001#0000011000000000
(1752578868.313861) can0 001#0000011600000000
(1752578868.339326) can0 001#0000011600000000
(1752578868.363879) can0 001#0000011600000000
(1752578868.388462) can0 001#0000011600000000
(1752578868.414097) can0 001#0000011600000000
(1752578868.438730) can0 001#0000011600000000
(1752578868.464276) can0 001#0000011600000000
(1752578868.488869) can0 001#0000011600000000
(1752578868.514527) can0 001#0000011600000000
(1752578868.539160) can0 001#0000011600000000
(1752578868.563710) can0 001#0000011600000000
(1752578868.589380) can0 001#0000011600000000
(1752578868.613771) can0 001#0000000000000000
(1752578868.639395) can0 001#0000000000000000
(1752578868.664020) can0 001#0000000000000000
(1752578868.688569) can0 001#0000000000000000
(1752578868.714296) can0 001#0000000000000000
(1752578868.738828) can0 001#0000000000000000
(1752578868.764480) can0 001#0000000000000000
(1752578868.789114) can0 001#0000000000000000
(1752578868.814704) can0 001#0000000000000000
(1752578868.839297) can0 001#0000000000000000
(1752578868.863893) can0 001#0000000000000000
(1752578868.889531) can0 001#0000000000000000
(1752578868.914123) can0 001#0000000000000000
(1752578868.939772) can0 001#0000000000000000
(1752578868.964372) can0 001#0000000000000000
(1752578868.988946) can0 001#0000000000000000
(1752578869.014658) can0 001#0000000000000000
(1752578869.039187) can0 001#0000000000000000
(1752578869.064823) can0 001#0000000000000000
(1752578869.089388) can0 001#0000000000000000
(1752578869.113981) can0 001#0000000000000000
(1752578869.139621) can0 001#0000000000000000
(1752578869.164225) can0 001#0000000000000000
(1752578869.189859) can0 001#0000000000000000
(1752578869.214461) can0 001#0000000000000000
(1752578869.240087) can0 001#0000000000000000
(1752578869.264687) can0 001#0000000000000000
(1752578869.289337) can0 001#0000000000000000
(1752578869.314968) can0 001#0000000000000000
(1752578869.339574) can0 001#0000000000000000
(1752578869.365154) can0 001#0000000000000000
(1752578869.389821) can0 001#0000000000000000
(1752578869.414443) can0 001#0000000000000000
(1752578869.440041) can0 001#0000000000000000
(1752578869.464629) can0 001#0000000000000000
(1752578869.490278) can0 001#0000000000000000
(1752578869.514853) can0 001#0000000000000000
(1752578869.540512) can0 001#0000000000000000
(1752578869.565038) can0 001#0000000000000000
(1752578869.589650) can0 001#0000000000000000
(1752578869.615238) can0 001#0000000000000000
(1752578869.639893) can0 001#0000000000000000
(1752578869.665476) can0 001#0000000000000000
(1752578869.690137) can0 001#0000000000000000
(1752578869.714741) can0 001#0000000000000000
(1752578869.740352) can0 001#0000000000000000
(1752578869.764977) can0 001#0000000000000000
(1752578869.790620) can0 001#0000000000000000
(1752578869.815130) can0 001#0000000000000000
(1752578869.839765) can0 001#0000000000000000
(1752578869.865385) can0 001#0000000000000000
(1752578869.890025) can0 001#0000000000000000
(1752578869.915597) can0 001#0000000000000000
(1752578869.940238) can0 001#0000000000000000
(1752578869.965845) can0 001#0000000000000000
(1752578869.990462) can0 001#0000000000000000
(1752578870.015098) can0 001#0000000000000000
(1752578870.040678) can0 001#0000000000000000
(1752578870.065292) can0 001#0000000000000000
(1752578870.090925) can0 001#0000000000000000
(1752578870.115530) can0 001#0000000000000000
(1752578870.140174) can0 001#0000000000000000
(1752578870.165940) can0 001#0000000000000000
(1752578870.190322) can0 001#0000000000000000
(1752578870.215946) can0 001#0000000000000000
(1752578870.240543) can0 001#0000000000000000
(1752578870.266179) can0 001#0000000000000000
(1752578870.290785) can0 001#0000000000000000
(1752578870.315442) can0 001#0000000000000000
(1752578870.341022) can0 001#0000000000000000
(1752578870.365669) can0 001#0000000000000000
(1752578870.391408) can0 001#0000000000000000
(1752578870.415912) can0 001#0000000000000000
(1752578870.440494) can0 001#0000000000000000
(1752578870.466127) can0 001#0000000000000000
(1752578870.490738) can0 001#0000000000000000
(1752578870.516363) can0 001#0000000000000000
(1752578870.540953) can0 001#0000000000000000
(1752578870.565515) can0 001#0000000000000000
(1752578870.591204) can0 001#0000000000000000
(1752578870.615747) can0 001#0000000000000000
(1752578870.641408) can0 001#0000000000000000
(1752578870.665976) can0 001#0000000000000000
(1752578870.691650) can0 001#0000000000000000
(1752578870.716205) can0 001#0000000000000000
(1752578870.740799) can0 001#0000000000000000
(1752578870.766458) can0 001#0000000000000000
(1752578870.791067) can0 001#0000000000000000
(1752578870.816688) can0 001#0000000000000000
(1752578870.841272) can0 001#0000000000000000
(1752578870.865920) can0 001#0000000000000000
(1752578870.891507) can0 001#0000000000000000
(1752578870.916174) can0 001#0000000000000000
(1752578870.941690) can0 001#0000000000000000
(1752578870.966387) can0 001#0000000000000000
(1752578870.991975) can0 001#0000000000000000
(1752578871.016624) can0 001#0000000000000000
(1752578871.041261) can0 001#0000000000000000
(1752578871.066791) can0 001#0000000000000000
(1752578871.091397) can0 001#0000000000000000
(1752578871.117026) can0 001#0000000000000000
(1752578871.141638) can0 001#0000000000000000
(1752578871.166212) can0 001#0000000000000000
(1752578871.191876) can0 001#0000000000000000
(1752578871.216438) can0 001#0000000000000000
(1752578871.242119) can0 001#0000000000000000
(1752578871.266675) can0 001#0000000000000000
(1752578871.292347) can0 001#0000000000000000
(1752578871.316900) can0 001#0000000000000000
(1752578871.341518) can0 001#0000000000000000
(1752578871.367108) can0 001#0000000000000000
(1752578871.391718) can0 001#0000000000000000
(1752578871.417349) can0 001#0000000000000000
(1752578871.441970) can0 001#0000000000000000
(1752578871.466612) can0 001#0000000000000000
(1752578871.492190) can0 001#0000000000000000
(1752578871.516834) can0 001#0000000000000000
(1752578871.542432) can0 001#0000000000000000
(1752578871.567121) can0 001#0000000000000000
(1752578871.591673) can0 001#0000000000000000
(1752578871.617295) can0 001#0000000000000000
(1752578871.641906) can0 001#0000000000000000
(1752578871.667534) can0 001#0000000000000000
(1752578871.692076) can0 001#0000000000000000
(1752578871.717788) can0 001#0000000000000000
(1752578871.742354) can0 001#0000000000000000
(1752578871.766954) can0 001#0000000000000000
(1752578871.792578) can0 001#0000000000000000
(1752578871.817137) can0 001#0000000000000000
(1752578871.842811) can0 001#0000000000000000
(1752578871.867362) can0 001#0000000000000000
(1752578871.892001) can0 001#0000000000000000
(1752578871.917594) can0 001#0000000000000000
(1752578871.942241) can0 001#0000000000000000
(1752578871.967854) can0 001#0000000000000000
(1752578871.992412) can0 001#0000000000000000
(1752578872.018057) can0 001#0000000000000000
(1752578872.042672) can0 001#0000000000000000
(1752578872.067509) can0 001#0000000000000000
(1752578872.092903) can0 001#0000000000000000
(1752578872.117546) can0 001#0000000000000000
(1752578872.143133) can0 001#0000000000000000
(1752578872.167764) can0 001#0000000000000000
(1752578872.192356) can0 001#0000000000000000
(1752578872.218009) can0 001#0000000000000000
(1752578872.242559) can0 001#0000000000000000
(1752578872.268232) can0 001#0000000000000000
(1752578872.292805) can0 001#0000000000000000
(1752578872.317412) can0 001#0000000000000000
(1752578872.343051) can0 001#0000000000000000
(1752578872.367622) can0 001#0000000000000000
(1752578872.393245) can0 001#0000000000000000
(1752578872.417862) can0 001#0000000000000000
(1752578872.443485) can0 001#0000000000000000
(1752578872.468232) can0 001#0000000000000000
(1752578872.492702) can0 001#0000000000000000
(1752578872.518284) can0 001#0000000000000000
(1752578872.542933) can0 001#0000000000000000
(1752578872.568529) can0 001#0000000000000000
(1752578872.593170) can0 001#0000000000000000
(1752578872.617776) can0 001#0000000000000000
(1752578872.643404) can0 001#0000000000000000
(1752578872.668008) can0 001#0000000000000000
(1752578872.693608) can0 001#0000000000000000
(1752578872.718222) can0 001#0000000000000000
(1752578872.743848) can0 001#0000000000000000
(1752578872.768469) can0 001#0000000000000000
(1752578872.793019) can0 001#0000000000000000
(1752578872.818692) can0 001#0000000000000000
(1752578872.843252) can0 001#0000000000000000
(1752578872.868916) can0 001#0000000000000000
(1752578872.893452) can0 001#0000000000000000
(1752578872.918077) can0 001#0000000000000000
(1752578872.943692) can0 001#0000000000000000
(1752578872.968360) can0 001#0000000000000000
(1752578872.993941) can0 001#0000000000000000
(1752578873.018545) can0 001#0000000000000000
(1752578873.043105) can0 001#0000000000000000
(1752578873.068789) can0 001#0000000000000000
(1752578873.093332) can0 001#0000000000000000
(1752578873.119012) can0 001#0000000000000000
(1752578873.143575) can0 001#0000000000000000
(1752578873.169271) can0 001#0000000000000000
(1752578873.193839) can0 001#0000000000000000
(1752578873.218428) can0 001#0000000000000000
(1752578873.244059) can0 001#0000000000000000
(1752578873.268669) can0 001#0000000000000000
(1752578873.294297) can0 001#0000000000000000
(1752578873.318899) can0 001#0000000000000000
(1752578873.343466) can0 001#0000000000000000
(1752578873.369145) can0 001#0000000000000000
(1752578873.393685) can0 001#0000000000000000
(1752578873.419368) can0 001#0000000000000000
(1752578873.443931) can0 001#0000000000000000
(1752578873.469618) can0 001#0000000000000000
(1752578873.494175) can0 001#0000000000000000
(1752578873.518792) can0 001#0000000000000000
(1752578873.544425) can0 001#0000000000000000
(1752578873.569022) can0 001#0000000000000000
(1752578873.594631) can0 001#0000000000000000
(1752578873.619252) can0 001#0000000000000000
(1752578873.643890) can0 001#0000000000000000
(1752578873.669483) can0 001#0000000000000000
(1752578873.694124) can0 001#0000000000000000
(1752578873.719695) can0 001#0000000000000000
(1752578873.744265) can0 001#0000000000000000
(1752578873.768897) can0 001#0000000000000000
(1752578873.794528) can0 001#0000000000000000
(1752578873.819112) can0 001#0000000000000000
(1752578873.844738) can0 001#0000000000000000
(1752578873.869352) can0 001#0000000000000000
(1752578873.894974) can0 001#0000000000000000
(1752578873.919572) can0 001#0000000000000000
(1752578873.944220) can0 001#0000000000000000
(1752578873.969827) can0 001#0000000000000000
(1752578873.994387) can0 001#0000000000000000
(1752578874.020053) can0 001#0000000000000000
(1752578874.044614) can0 001#0000000000000000
(1752578874.069225) can0 001#0000000000000000
(1752578874.094856) can0 001#0000000000000000
(1752578874.119456) can0 001#0000000000000000
(1752578874.145084) can0 001#0000000000000000
(1752578874.169699) can0 001#0000000000000000
(1752578874.195326) can0 001#0000000000000000
(1752578874.219927) can0 001#0000000000000000
(1752578874.244577) can0 001#0000000000000000
(1752578874.270180) can0 001#0000000000000000
(1752578874.294826) can0 001#0000000000000000
(1752578874.320397) can0 001#0000000000000000
(1752578874.345073) can0 001#0000000000000000
(1752578874.369576) can0 001#0000000000000000
(1752578874.395205) can0 001#0000000000000000
(1752578874.419824) can0 001#0000000000000000
(1752578874.445452) can0 001#0000000000000000
(1752578874.470065) can0 001#0000000000000000
(1752578874.495689) can0 001#0000000000000000
(1752578874.520339) can0 001#0000000000000000
(1752578874.544901) can0 001#0000000000000000
(1752578874.570504) can0 001#0000000000000000
(1752578874.595158) can0 001#0000000000000000
(1752578874.620744) can0 001#0000000000000000
(1752578874.645375) can0 001#0000000000000000
(1752578874.669984) can0 001#0000000000000000
(1752578874.695626) can0 001#0000000000000000
(1752578874.720163) can0 001#0000000000000000
(1752578874.745868) can0 001#0000000000000000
(1752578874.770390) can0 001#0000000000000000
(1752578874.795036) can0 001#0000000000000000
(1752578874.820609) can0 001#0000000000000000
(1752578874.845247) can0 001#0000000000000000
(1752578874.870838) can0 001#0000000000000000
(1752578874.895501) can0 001#0000000000000000
(1752578874.921104) can0 001#0000000000000000
(1752578874.945725) can0 001#0000000000000000
(1752578874.970332) can0 001#0000000000000000
(1752578874.995967) can0 001#0000000000000000
(1752578875.020485) can0 001#0000000000000000
(1752578875.046185) can0 001#0000000000000000
(1752578875.070713) can0 001#0000000000000000
(1752578875.095372) can0 001#0000000000000000
(1752578875.121043) can0 001#0000000000000000
(1752578875.145638) can0 001#0000000000000000
(1752578875.171187) can0 001#0000000000000000
(1752578875.195849) can0 001#0000000000000000
(1752578875.221469) can0 001#0000000000000000
(1752578875.246063) can0 001#0000000000000000
(1752578875.270632) can0 001#0000000000000000
(1752578875.296333) can0 001#0000000000000000
(1752578875.320885) can0 001#0000000000000000
(1752578875.346564) can0 001#0000000000000000
(1752578875.371119) can0 001#0000000000000000
(1752578875.395721) can0 001#0000000000000000
(1752578875.421379) can0 001#0000000000000000
(1752578875.445948) can0 001#0000000000000000
(1752578875.471578) can0 001#0000000000000000
(1752578875.496194) can0 001#0000000000000000
(1752578875.520756) can0 001#0000000000000000
(1752578875.546422) can0 001#0000000000000000
(1752578875.570971) can0 001#0000000000000000
(1752578875.596665) can0 001#0000000000000000
(1752578875.621228) can0 001#0000000000000000
(1752578875.646816) can0 001#0000000000000000
(1752578875.671451) can0 001#0000000000000000
(1752578875.696067) can0 001#0000000000000000
(1752578875.721695) can0 001#0000000000000000
(1752578875.746308) can0 001#0000000000000000
(1752578875.771923) can0 001#0000000000000000
(1752578875.796558) can0 001#0000000000000000
(1752578875.821107) can0 001#0000000000000000
(1752578875.846771) can0 001#0000000000000000
(1752578875.871316) can0 001#0000000000000000
(1752578875.897005) can0 001#0000000000000000
(1752578875.921570) can0 001#0000000000000000
(1752578875.947158) can0 001#0000000000000000
(1752578875.971787) can0 001#0000000000000000
(1752578875.996407) can0 001#0000000000000000
(1752578876.022044) can0 001#0000000000000000
(1752578876.046644) can0 001#0000000000000000
(1752578876.072259) can0 001#0000000000000000
(1752578876.096874) can0 001#0000000000000000
(1752578876.121445) can0 001#0000000000000000
(1752578876.147126) can0 001#0000000000000000
(1752578876.171676) can0 001#0000000000000000
(1752578876.197354) can0 001#0000000000000000
(1752578876.221926) can0 001#0000000000000000
(1752578876.246535) can0 001#0000000000000000
(1752578876.272176) can0 001#0000000000000000
(1752578876.296770) can0 001#0000000000000000
(1752578876.322392) can0 001#0000000000000000
(1752578876.347012) can0 001#0000000000000000
(1752578876.372628) can0 001#0000000000000000
(1752578876.397232) can0 001#0000000000000000
(1752578876.421825) can0 001#0000000000000000
(1752578876.447473) can0 001#0000000000000000
(1752578876.472030) can0 001#0000000000000000
(1752578876.497746) can0 001#0000000000000000
(1752578876.522285) can0 001#0000000000000000
(1752578876.546878) can0 001#0000000000000000
(1752578876.572507) can0 001#0000000000000000
(1752578876.597273) can0 001#0000000000000000
(1752578876.622754) can0 001#0000000000000000
(1752578876.647306) can0 001#0000000000000000
(1752578876.672927) can0 001#0000000000000000
(1752578876.697570) can0 001#0000000000000000
(1752578876.722128) can0 001#0000000000000000
(1752578876.747752) can0 001#0000000000000000
(1752578876.772397) can0 001#0000000000000000
(1752578876.798031) can0 001#0000000000000000
(1752578876.822589) can0 001#0000000000000000
(1752578876.847231) can0 001#0000000000000000
(1752578876.872857) can0 001#0000000000000000
(1752578876.897449) can0 001#0000000000000000
(1752578876.923060) can0 001#0000000000000000
(1752578876.947696) can0 001#0000000000000000
(1752578876.972246) can0 001#0000000000000000
(1752578876.997928) can0 001#0000000000000000
(1752578877.022515) can0 001#0000000000000000
(1752578877.048136) can0 001#0000000000000000
(1752578877.072777) can0 001#0000000000000000
(1752578877.098419) can0 001#0000000000000000
(1752578877.122944) can0 001#0000000000000000
(1752578877.147610) can0 001#0000000000000000
(1752578877.173235) can0 001#0000000000000000
(1752578877.197847) can0 001#0000000000000000
(1752578877.223424) can0 001#0000000000000000
(1752578877.248059) can0 001#0000000000000000
(1752578877.272614) can0 001#0000000000000000
(1752578877.298250) can0 001#0000000000000000
(1752578877.322868) can0 001#0000000000000000
(1752578877.348528) can0 001#0000000000000000
(1752578877.373069) can0 001#0000000000000000
(1752578877.398665) can0 001#0000000000000000
(1752578877.423327) can0 001#0000000000000000
(1752578877.447885) can0 001#0000000000000000
(1752578877.473513) can0 001#0000000000000000
(1752578877.498326) can0 001#0000000000000000
(1752578877.523794) can0 001#0000000000000000
(1752578877.548351) can0 001#0000000000000000
(1752578877.572997) can0 001#0000000000000000
(1752578877.598641) can0 001#0000000000000000
(1752578877.623164) can0 001#0000000000000000
(1752578877.648815) can0 001#0000000000000000
(1752578877.673453) can0 001#0000000000000000
(1752578877.699070) can0 001#0000000000000000
(1752578877.723699) can0 001#0000000000000000
(1752578877.748264) can0 001#0000000000000000
(1752578877.773889) can0 001#0000000000000000
(1752578877.798478) can0 001#0000000000000000
(1752578877.824217) can0 001#0000000000000000
(1752578877.848738) can0 001#0000000000000000
(1752578877.873379) can0 001#0000000000000000
(1752578877.898993) can0 001#0000000000000000
(1752578877.923550) can0 001#0000000000000000
(1752578877.949181) can0 001#0000000000000000
(1752578877.973817) can0 001#0000000000000000
(1752578877.998375) can0 001#0000000000000000
(1752578878.023983) can0 001#0000000000000000
(1752578878.048642) can0 001#0000000000000000
(1752578878.074268) can0 001#0000000000000000
(1752578878.098839) can0 001#0000000000000000
(1752578878.124444) can0 001#0000000000000000
(1752578878.149097) can0 001#0000000000000000
(1752578878.173659) can0 001#0000000000000000
(1752578878.199287) can0 001#0000000000000000
(1752578878.223918) can0 001#0000000000000000
(1752578878.249546) can0 001#0000000000000000
(1752578878.274111) can0 001#0000000000000000
(1752578878.298772) can0 001#0000000000000000
(1752578878.324371) can0 001#0000000000000000
(1752578878.348949) can0 001#0000000000000000
(1752578878.374567) can0 001#0000000000000000
(1752578878.399207) can0 001#0000000000000000
(1752578878.424822) can0 001#0000000000000000
(1752578878.449384) can0 001#0000000000000000
(1752578878.474039) can0 001#0000000000000000
(1752578878.499662) can0 001#0000000000000000
(1752578878.524294) can0 001#0000000000000000
(1752578878.549925) can0 001#0000000000000000
(1752578878.574484) can0 001#0000000000000000
(1752578878.599072) can0 001#0000000000000000
(1752578878.624776) can0 001#0000000000000000
(1752578878.649292) can0 001#0000000000000000
(1752578878.674953) can0 001#0000000000000000
(1752578878.699599) can0 001#0000000000000000
(1752578878.724114) can0 001#0000000000000000
(1752578878.749785) can0 001#0000000000000000
(1752578878.774401) can0 001#0000000000000000
(1752578878.800041) can0 001#0000000000000000
(1752578878.824603) can0 001#0000000000000000
(1752578878.850226) can0 001#0000000000000000
(1752578878.874874) can0 001#0000000000000000
(1752578878.899429) can0 001#0000000000000000
(1752578878.925040) can0 001#0000000000000000
(1752578878.949719) can0 001#0000000000000000
(1752578878.975314) can0 001#0000000000000000
(1752578878.999874) can0 001#0000000000000000
(1752578879.024516) can0 001#0000000000000000
(1752578879.050123) can0 001#0000000000000000
(1752578879.074689) can0 001#0000000000000000
(1752578879.100327) can0 001#0000000000000000
(1752578879.124975) can0 001#0000000000000000
(1752578879.150582) can0 001#0000000000000000
(1752578879.175151) can0 001#0000000000000000
(1752578879.199792) can0 001#0000000000000000
(1752578879.225422) can0 001#0000000000000000
(1752578879.250004) can0 001#0000000000000000
(1752578879.275619) can0 001#0000000000000000
(1752578879.300263) can0 001#0000000000000000
(1752578879.324802) can0 001#0000000000000000
(1752578879.350528) can0 001#0000000000000000
(1752578879.375058) can0 001#0000000000000000
(1752578879.400706) can0 001#0000000000000000
(1752578879.425258) can0 001#0000000000000000
(1752578879.449924) can0 001#0000000000000000
(1752578879.475536) can0 001#0000000000000000
